../Core/Src/main.c:73:5:main	8	static
../Core/Src/main.c:126:6:SystemClock_Config	88	static
../Core/Src/main.c:173:13:MX_USART2_UART_Init	8	static
../Core/Src/main.c:204:13:MX_DMA_Init	16	static
../Core/Src/main.c:225:13:MX_GPIO_Init	48	static
../Core/Src/main.c:254:6:UARTPollingMethod	16	static
../Core/Src/main.c:276:6:DummyTask	8	static
../Core/Src/main.c:287:6:UARTInterruptConfig	8	static
../Core/Src/main.c:304:6:UARTDMAConfig	8	static
../Core/Src/main.c:309:6:HAL_UART_RxCpltCallback	16	static
../Core/Src/main.c:324:6:Error_Handler	4	static,ignoring_inline_asm
